\BOOKMARK [1][-]{section.1}{\376\377\000I\000n\000t\000r\000o\000d\000u\000c\000t\000i\000o\000n}{}% 1
\BOOKMARK [1][-]{section.2}{\376\377\000R\000e\000p\000e\000a\000t\000e\000d\000\040\000C\000r\000o\000s\000s\000\040\000S\000e\000c\000t\000i\000o\000n\000a\000l\000\040\000D\000a\000t\000a}{}% 2
\BOOKMARK [1][-]{section.3}{\376\377\000M\000o\000d\000e\000l\000i\000n\000g\000\040\000R\000C\000S\000\040\000D\000a\000t\000a\000\040\000w\000i\000t\000h\000\040\000a\000\040\000U\000n\000i\000v\000a\000r\000i\000a\000t\000e\000\040\000T\000i\000m\000e\000\040\000S\000e\000r\000i\000e\000s}{}% 3
\BOOKMARK [1][-]{section.4}{\376\377\000E\000a\000r\000l\000y\000\040\000M\000e\000t\000h\000o\000d\000s\000\040\000f\000o\000r\000\040\000A\000n\000a\000l\000y\000z\000i\000n\000g\000\040\000R\000C\000S\000\040\000D\000a\000t\000a}{}% 4
\BOOKMARK [1][-]{section.5}{\376\377\000A\000u\000t\000o\000r\000e\000g\000r\000e\000s\000s\000i\000v\000e\000\040\000R\000a\000n\000d\000o\000m\000\040\000E\000f\000f\000e\000c\000t\000s\000\040\000M\000o\000d\000e\000l\000s}{}% 5
\BOOKMARK [1][-]{section.6}{\376\377\000H\000o\000w\000\040\000A\000d\000d\000i\000t\000i\000o\000n\000a\000l\000\040\000W\000h\000i\000t\000e\000\040\000N\000o\000i\000s\000e\000\040\000A\000l\000t\000e\000r\000s\000\040\000A\000R\000M\000A\000\040\000P\000r\000o\000c\000e\000s\000s\000e\000s}{}% 6
\BOOKMARK [1][-]{section.7}{\376\377\000A\000n\000a\000l\000y\000z\000i\000n\000g\000\040\000A\000R\000M\000A\000-\000N\000o\000i\000s\000e\000\040\000P\000r\000o\000c\000e\000s\000s\000e\000s}{}% 7
\BOOKMARK [1][-]{section.8}{\376\377\000I\000m\000p\000a\000c\000t\000s\000\040\000o\000f\000\040\000t\000i\000m\000e\000\040\000s\000e\000r\000i\000e\000s\000\040\000e\000s\000t\000i\000m\000a\000t\000i\000o\000n\000\040\000e\000r\000r\000o\000r\000\040\000o\000n\000\040\000c\000o\000n\000f\000i\000d\000e\000n\000c\000e\000\040\000r\000e\000g\000i\000o\000n\000s\000\040\000f\000o\000r\000\040\000r\000e\000g\000r\000e\000s\000s\000i\000o\000n\000\040\000p\000a\000r\000a\000m\000e\000t\000e\000r\000s}{}% 8
\BOOKMARK [1][-]{section.9}{\376\377\000M\000e\000t\000h\000o\000d\000s}{}% 9
\BOOKMARK [2][-]{subsection.9.1}{\376\377\000I\000n\000c\000o\000r\000p\000o\000r\000a\000t\000i\000n\000g\000\040\000A\000R\000M\000A\000-\000N\000o\000i\000s\000e\000\040\000i\000n\000t\000o\000\040\000E\000M\000\040\000A\000l\000g\000o\000r\000i\000t\000h\000m}{section.9}% 10
\BOOKMARK [2][-]{subsection.9.2}{\376\377\000E\000v\000a\000l\000u\000a\000t\000i\000n\000g\000\040\000C\000o\000n\000v\000e\000r\000g\000e\000n\000c\000e}{section.9}% 11
\BOOKMARK [1][-]{section.10}{\376\377\000I\000n\000f\000e\000r\000e\000n\000c\000e}{}% 12
\BOOKMARK [1][-]{section.11}{\376\377\000M\000o\000d\000e\000l\000\040\000S\000e\000l\000e\000c\000t\000i\000o\000n}{}% 13
\BOOKMARK [2][-]{subsubsection.11.0.1}{\376\377\000C\000a\000s\000e\000\040\0001\000:\000\040\000\040\000u\000\040\000i\000s\000\040\000A\000R\000\050\0001\000\051}{section.11}% 14
\BOOKMARK [3][-]{subsubsection.11.0.2}{\376\377\000C\000a\000s\000e\000\040\0002\000:\000\040\000\040\000u\000\040\000i\000s\000\040\000M\000A\000\050\0001\000\051}{subsubsection.11.0.1}% 15
\BOOKMARK [3][-]{subsubsection.11.0.3}{\376\377\000C\000a\000s\000e\000\040\0003\000:\000\040\000\040\000b\000\040\000=\000\040\0000}{subsubsection.11.0.1}% 16
\BOOKMARK [1][-]{section.12}{\376\377\000V\000a\000r\000y\000i\000n\000g\000\040\000S\000a\000m\000p\000l\000e\000\040\000S\000i\000z\000e\000s}{}% 17
\BOOKMARK [1][-]{section.13}{\376\377\000T\000i\000m\000e\000-\000S\000t\000e\000p\000\040\000A\000v\000e\000r\000a\000g\000e\000s\000\040\000o\000f\000\040\000W\000h\000i\000t\000e\000\040\000N\000o\000i\000s\000e\000\040\000w\000i\000t\000h\000\040\000V\000a\000r\000y\000i\000n\000g\000\040\000S\000a\000m\000p\000l\000e\000\040\000S\000i\000z\000e}{}% 18
\BOOKMARK [1][-]{section.14}{\376\377\000A\000R\000M\000A\000-\000N\000o\000i\000s\000e\000\040\000M\000o\000d\000e\000l\000s\000\040\000w\000i\000t\000h\000\040\000I\000.\000I\000.\000D\000.\000\040\000S\000a\000m\000p\000l\000e\000\040\000S\000i\000z\000e}{}% 19
\BOOKMARK [1][-]{section.15}{\376\377\000A\000R\000M\000A\000-\000N\000o\000i\000s\000e\000\040\000M\000o\000d\000e\000l\000s\000\040\000W\000i\000t\000h\000\040\000S\000t\000a\000t\000i\000o\000n\000a\000r\000y\000\040\000S\000a\000m\000p\000l\000e\000\040\000S\000i\000z\000e\000s}{}% 20
\BOOKMARK [1][-]{section.16}{\376\377\000A\000R\000M\000A\000-\000N\000o\000i\000s\000e\000\040\000P\000r\000o\000c\000e\000s\000s\000e\000s\000\040\000w\000i\000t\000h\000\040\000N\000o\000n\000-\000s\000t\000a\000t\000i\000o\000n\000a\000r\000y\000\040\000S\000a\000m\000p\000l\000e\000\040\000S\000i\000z\000e\000s}{}% 21
\BOOKMARK [1][-]{section.17}{\376\377\000S\000i\000m\000u\000l\000a\000t\000i\000o\000n\000s}{}% 22
\BOOKMARK [1][-]{section.18}{\376\377\000A\000R\000M\000A\000-\000N\000o\000i\000s\000e\000\040\000M\000o\000d\000e\000l\000\040\000F\000i\000t\000t\000i\000n\000g}{}% 23
\BOOKMARK [1][-]{section.19}{\376\377\000R\000E\000M\000A\000R\000C\000S\000\040\000M\000o\000d\000e\000l\000\040\000F\000i\000t\000t\000i\000n\000g}{}% 24
\BOOKMARK [2][-]{subsection.19.1}{\376\377\000D\000e\000v\000e\000l\000o\000p\000m\000e\000n\000t\000\040\000o\000f\000\040\000m\000o\000d\000e\000l\000\040\000p\000a\000r\000a\000m\000e\000t\000e\000r\000\040\000e\000s\000t\000i\000m\000a\000t\000e\000s}{section.19}% 25
\BOOKMARK [3][-]{subsubsection.19.1.1}{\376\377\000C\000a\000s\000e\000:\000\040\000u\000\040\000a\000n\000d\000\040\000w\000\040\000a\000r\000e\000\040\000A\000R\000M\000A\000\050\0001\000,\0001\000\051}{subsection.19.1}% 26
\BOOKMARK [3][-]{subsubsection.19.1.2}{\376\377\000C\000a\000s\000e\000:\000\040\000u\000\040\000i\000s\000\040\000A\000R\000\050\0001\000\051}{subsection.19.1}% 27
\BOOKMARK [3][-]{subsubsection.19.1.3}{\376\377\000C\000a\000s\000e\000:\000\040\000u\000\040\000i\000s\000\040\000M\000A\000\050\0001\000\051}{subsection.19.1}% 28
\BOOKMARK [3][-]{subsubsection.19.1.4}{\376\377\000C\000a\000s\000e\000:\000\040\000w\000\040\000i\000s\000\040\000A\000R\000\050\0001\000\051}{subsection.19.1}% 29
\BOOKMARK [1][-]{section.20}{\376\377\000D\000i\000s\000c\000u\000s\000s\000i\000o\000n}{}% 30
