\BOOKMARK [1][-]{section.1}{\376\377\000I\000n\000t\000r\000o\000d\000u\000c\000t\000i\000o\000n}{}% 1
\BOOKMARK [1][-]{section.2}{\376\377\000B\000a\000c\000k\000g\000r\000o\000u\000n\000d}{}% 2
\BOOKMARK [2][-]{subsection.2.1}{\376\377\000m\000V\000A\000M\000\040\000D\000a\000t\000a}{section.2}% 3
\BOOKMARK [2][-]{subsection.2.2}{\376\377\000E\000x\000i\000s\000t\000i\000n\000g\000\040\000M\000e\000t\000h\000o\000d\000s}{section.2}% 4
\BOOKMARK [1][-]{section.3}{\376\377\000M\000e\000t\000h\000o\000d}{}% 5
\BOOKMARK [2][-]{subsection.3.1}{\376\377\000M\000o\000d\000e\000l\000\040\000a\000n\000d\000\040\000A\000l\000g\000o\000r\000i\000t\000h\000m}{section.3}% 6
\BOOKMARK [2][-]{subsection.3.2}{\376\377\000E\000v\000a\000l\000u\000a\000t\000i\000n\000g\000\040\000C\000o\000n\000v\000e\000r\000g\000e\000n\000c\000e}{section.3}% 7
\BOOKMARK [2][-]{subsection.3.3}{\376\377\000I\000n\000f\000e\000r\000e\000n\000c\000e}{section.3}% 8
\BOOKMARK [2][-]{subsection.3.4}{\376\377\000M\000o\000d\000e\000l\000\040\000S\000e\000l\000e\000c\000t\000i\000o\000n}{section.3}% 9
\BOOKMARK [2][-]{subsection.3.5}{\376\377\000G\000e\000n\000e\000r\000a\000l\000i\000z\000i\000n\000g\000\040\000t\000o\000\040\000V\000a\000r\000y\000i\000n\000g\000\040\000S\000a\000m\000p\000l\000e\000\040\000S\000i\000z\000e}{section.3}% 10
\BOOKMARK [2][-]{subsection.3.6}{\376\377\000E\000x\000t\000e\000n\000d\000i\000n\000g\000\040\000t\000o\000\040\000M\000i\000x\000e\000d\000\040\000E\000f\000f\000e\000c\000t\000s\000\040\000M\000o\000d\000e\000l\000s}{section.3}% 11
\BOOKMARK [2][-]{subsection.3.7}{\376\377\000T\000o\000-\000D\000o\000\040\000L\000i\000s\000t}{section.3}% 12
\BOOKMARK [1][-]{section.4}{\376\377\000S\000i\000m\000u\000l\000a\000t\000i\000o\000n\000s}{}% 13
\BOOKMARK [2][-]{subsection.4.1}{\376\377\000I\000n\000s\000t\000a\000b\000i\000l\000i\000t\000y\000\040\000o\000f\000\040\000E\000M\000\040\000A\000l\000g\000o\000r\000i\000t\000h\000m}{section.4}% 14
\BOOKMARK [2][-]{subsection.4.2}{\376\377\000E\000f\000f\000e\000c\000t\000\040\000o\000f\000\040\000N\000o\000i\000s\000e\000\040\000o\000n\000\040\000A\000R\000M\000A\000\040\000P\000r\000o\000c\000e\000s\000s\000e\000s}{section.4}% 15
\BOOKMARK [2][-]{subsection.4.3}{\376\377\000E\000m\000p\000i\000r\000i\000c\000a\000l\000\040\000C\000o\000n\000f\000i\000d\000e\000n\000c\000e\000\040\000o\000f\000\040\000A\000R\000M\000A\000-\000N\000o\000i\000s\000e\000\040\000M\000o\000d\000e\000l\000s}{section.4}% 16
\BOOKMARK [2][-]{subsection.4.4}{\376\377\000E\000m\000p\000i\000r\000i\000c\000a\000l\000\040\000C\000o\000n\000f\000i\000d\000e\000n\000c\000e\000\040\000o\000f\000\040\000R\000E\000M\000A\000R\000C\000S\000\040\000a\000l\000g\000o\000r\000i\000t\000h\000m}{section.4}% 17
\BOOKMARK [2][-]{subsection.4.5}{\376\377\000E\000m\000p\000i\000r\000i\000c\000a\000l\000\040\000C\000o\000n\000f\000i\000d\000e\000n\000c\000e\000\040\000o\000f\000\040\000M\000o\000d\000e\000l\000\040\000S\000e\000l\000e\000c\000t\000i\000o\000n}{section.4}% 18
\BOOKMARK [2][-]{subsection.4.6}{\376\377\000M\000e\000t\000h\000o\000d\000\040\000C\000o\000m\000p\000a\000r\000i\000s\000o\000n}{section.4}% 19
\BOOKMARK [2][-]{subsection.4.7}{\376\377\000C\000a\000s\000e\000\040\000S\000t\000u\000d\000y\000:\000\040\000m\000V\000A\000M\000\040\000D\000a\000t\000a\000\040\000i\000n\000\040\000H\000o\000n\000d\000u\000r\000a\000s}{section.4}% 20
\BOOKMARK [2][-]{subsection.4.8}{\376\377\000T\000o\000-\000D\000o\000\040\000L\000i\000s\000t}{section.4}% 21
\BOOKMARK [1][-]{section.5}{\376\377\000D\000i\000s\000c\000u\000s\000s\000i\000o\000n}{}% 22
\BOOKMARK [1][-]{section.6}{\376\377\000D\000a\000t\000a\000\040\000A\000v\000a\000i\000l\000a\000b\000i\000l\000i\000t\000y\000\040\000S\000t\000a\000t\000e\000m\000e\000n\000t}{}% 23
\BOOKMARK [1][-]{section.7}{\376\377\000A\000p\000p\000e\000n\000d\000i\000x}{}% 24
